  Ôû▓ Next.js 14.2.25
  - Environments: .env.local

   Creating an optimized production build ...
 Ô£ô Compiled successfully
   Skipping validation of types
   Skipping linting
   Collecting page data ...
node.exe : eN [Error]
: Missing credentials
. Please pass an `api
Key`, or set the `OPE
NAI_API_KEY` environm
ent variable.
At line:1 char:1
+ & "C:\Program Files
\nodejs/node.exe" "C:
\Program Files\nodejs
/node_mo ...
+ ~~~~~~~~~~~~~~~~~~~
~~~~~~~~~~~~~~~~~~~~~
~~~~~~~~~~~~~~~~~~~~~
~~~~~~~~
    + CategoryInfo   
           : NotSpe  
  cified: (eN [Err   
 or]: Mis...nment    
 variable.:Strin    g
) [], RemoteExc    ep
tion
    + FullyQualified 
   ErrorId : Native  
  CommandError
 
    at new nv (C:\Use
rs\berka\OneDrive\Mas
a├╝st├╝\NEXORA\.next\
server\chunks\5221.js
:8:48191)
    at 1797 (C:\Users
\berka\OneDrive\Masa├
╝st├╝\NEXORA\.next\se
rver\app\api\image\ge
nerate\route.js:1:939
)
    at t (C:\Users\be
rka\OneDrive\Masa├╝st
├╝\NEXORA\.next\serve
r\webpack-runtime.js:
1:127)
    at r (C:\Users\be
rka\OneDrive\Masa├╝st
├╝\NEXORA\.next\serve
r\app\api\image\gener
ate\route.js:1:2544)
    at C:\Users\berka
\OneDrive\Masa├╝st├╝\
NEXORA\.next\server\a
pp\api\image\generate
\route.js:1:2582
    at t.X (C:\Users\
berka\OneDrive\Masa├╝
st├╝\NEXORA\.next\ser
ver\webpack-runtime.j
s:1:1191)
    at C:\Users\berka
\OneDrive\Masa├╝st├╝\
NEXORA\.next\server\a
pp\api\image\generate
\route.js:1:2557
    at Object.<anonym
ous> (C:\Users\berka\
OneDrive\Masa├╝st├╝\N
EXORA\.next\server\ap
p\api\image\generate\
route.js:1:2609)
    at Module._compil
e (node:internal/modu
les/cjs/loader:1804:1
4)
    at Object..js (no
de:internal/modules/c
js/loader:1936:10)

> Build error occurre
d
Error: Failed to coll
ect page data for /ap
i/image/generate
    at C:\Users\berka
\OneDrive\Masa├╝st├╝\
NEXORA\node_modules\n
ext\dist\build\utils.
js:1269:15
    at process.proces
sTicksAndRejections (
node:internal/process
/task_queues:103:5) {
  type: 'Error'
}
